[    6276ms] [VERBOSE] [DOM] Password field is not contained in a form: (More info: https://goo.gl/9p2vKq) %o @ http://localhost:8502/:0
[    7783ms] [WARNING] Unrecognized feature: 'ambient-light-sensor'. @ http://localhost:8502/static/js/index.Drusyo5m.js:1
[    7783ms] [WARNING] Unrecognized feature: 'battery'. @ http://localhost:8502/static/js/index.Drusyo5m.js:1
[    7783ms] [WARNING] Unrecognized feature: 'document-domain'. @ http://localhost:8502/static/js/index.Drusyo5m.js:1
[    7783ms] [WARNING] Unrecognized feature: 'layout-animations'. @ http://localhost:8502/static/js/index.Drusyo5m.js:1
[    7783ms] [WARNING] Unrecognized feature: 'legacy-image-formats'. @ http://localhost:8502/static/js/index.Drusyo5m.js:1
[    7783ms] [WARNING] Unrecognized feature: 'oversized-images'. @ http://localhost:8502/static/js/index.Drusyo5m.js:1
[    7783ms] [WARNING] Unrecognized feature: 'vr'. @ http://localhost:8502/static/js/index.Drusyo5m.js:1
[    7783ms] [WARNING] Unrecognized feature: 'wake-lock'. @ http://localhost:8502/static/js/index.Drusyo5m.js:1
[    7790ms] [WARNING] An iframe which has both allow-scripts and allow-same-origin for its sandbox attribute can escape its sandboxing. @ about:srcdoc:0
[   86241ms] [WARNING] WebSocket onclose @ http://localhost:8502/static/js/index.Drusyo5m.js:150
[   88599ms] [ERROR] Failed to load resource: net::ERR_CONNECTION_REFUSED @ http://localhost:8502/_stcore/health:0
[   88599ms] [ERROR] Failed to load resource: net::ERR_CONNECTION_REFUSED @ http://localhost:8502/_stcore/host-config:0
[   88848ms] [ERROR] Failed to load resource: net::ERR_CONNECTION_REFUSED @ http://localhost:8502/_stcore/health:0
[  114519ms] [VERBOSE] [DOM] Password field is not contained in a form: (More info: https://goo.gl/9p2vKq) %o @ http://localhost:8502/:0
[  116343ms] [WARNING] Unrecognized feature: 'ambient-light-sensor'. @ http://localhost:8502/static/js/index.Drusyo5m.js:1
[  116343ms] [WARNING] Unrecognized feature: 'battery'. @ http://localhost:8502/static/js/index.Drusyo5m.js:1
[  116343ms] [WARNING] Unrecognized feature: 'document-domain'. @ http://localhost:8502/static/js/index.Drusyo5m.js:1
[  116343ms] [WARNING] Unrecognized feature: 'layout-animations'. @ http://localhost:8502/static/js/index.Drusyo5m.js:1
[  116343ms] [WARNING] Unrecognized feature: 'legacy-image-formats'. @ http://localhost:8502/static/js/index.Drusyo5m.js:1
[  116343ms] [WARNING] Unrecognized feature: 'oversized-images'. @ http://localhost:8502/static/js/index.Drusyo5m.js:1
[  116343ms] [WARNING] Unrecognized feature: 'vr'. @ http://localhost:8502/static/js/index.Drusyo5m.js:1
[  116343ms] [WARNING] Unrecognized feature: 'wake-lock'. @ http://localhost:8502/static/js/index.Drusyo5m.js:1
[  116366ms] [WARNING] An iframe which has both allow-scripts and allow-same-origin for its sandbox attribute can escape its sandboxing. @ about:srcdoc:0
