[    1007ms] [VERBOSE] [DOM] Password field is not contained in a form: (More info: https://goo.gl/9p2vKq) %o @ http://localhost:8502/:0
[    2834ms] [WARNING] Unrecognized feature: 'ambient-light-sensor'. @ http://localhost:8502/static/js/index.Drusyo5m.js:1
[    2834ms] [WARNING] Unrecognized feature: 'battery'. @ http://localhost:8502/static/js/index.Drusyo5m.js:1
[    2834ms] [WARNING] Unrecognized feature: 'document-domain'. @ http://localhost:8502/static/js/index.Drusyo5m.js:1
[    2834ms] [WARNING] Unrecognized feature: 'layout-animations'. @ http://localhost:8502/static/js/index.Drusyo5m.js:1
[    2834ms] [WARNING] Unrecognized feature: 'legacy-image-formats'. @ http://localhost:8502/static/js/index.Drusyo5m.js:1
[    2834ms] [WARNING] Unrecognized feature: 'oversized-images'. @ http://localhost:8502/static/js/index.Drusyo5m.js:1
[    2834ms] [WARNING] Unrecognized feature: 'vr'. @ http://localhost:8502/static/js/index.Drusyo5m.js:1
[    2834ms] [WARNING] Unrecognized feature: 'wake-lock'. @ http://localhost:8502/static/js/index.Drusyo5m.js:1
[    2985ms] [WARNING] Canvas2D: Multiple readback operations using getImageData are faster with the willReadFrequently attribute set to true. See: https://html.spec.whatwg.org/multipage/canvas.html#concept-canvas-will-read-frequently @ http://localhost:8502/static/js/index.Dncue2pm.js:1992
[    3890ms] [WARNING] An iframe which has both allow-scripts and allow-same-origin for its sandbox attribute can escape its sandboxing. @ about:srcdoc:0
[   85587ms] [VERBOSE] [DOM] Password field is not contained in a form: (More info: https://goo.gl/9p2vKq) %o @ http://localhost:8502/:0
[   87223ms] [WARNING] Unrecognized feature: 'ambient-light-sensor'. @ http://localhost:8502/static/js/index.Drusyo5m.js:1
[   87223ms] [WARNING] Unrecognized feature: 'battery'. @ http://localhost:8502/static/js/index.Drusyo5m.js:1
[   87223ms] [WARNING] Unrecognized feature: 'document-domain'. @ http://localhost:8502/static/js/index.Drusyo5m.js:1
[   87223ms] [WARNING] Unrecognized feature: 'layout-animations'. @ http://localhost:8502/static/js/index.Drusyo5m.js:1
[   87223ms] [WARNING] Unrecognized feature: 'legacy-image-formats'. @ http://localhost:8502/static/js/index.Drusyo5m.js:1
[   87223ms] [WARNING] Unrecognized feature: 'oversized-images'. @ http://localhost:8502/static/js/index.Drusyo5m.js:1
[   87223ms] [WARNING] Unrecognized feature: 'vr'. @ http://localhost:8502/static/js/index.Drusyo5m.js:1
[   87223ms] [WARNING] Unrecognized feature: 'wake-lock'. @ http://localhost:8502/static/js/index.Drusyo5m.js:1
[   87285ms] [WARNING] Canvas2D: Multiple readback operations using getImageData are faster with the willReadFrequently attribute set to true. See: https://html.spec.whatwg.org/multipage/canvas.html#concept-canvas-will-read-frequently @ http://localhost:8502/static/js/index.Dncue2pm.js:1992
[   87937ms] [WARNING] An iframe which has both allow-scripts and allow-same-origin for its sandbox attribute can escape its sandboxing. @ about:srcdoc:0
